======================================
   jansson 2.7: test/test-suite.log
======================================

# TOTAL: 1
# PASS:  0
# SKIP:  0
# XFAIL: 0
# FAIL:  1
# XPASS: 0
# ERROR: 0

.. contents:: :depth: 2

FAIL: run-suites
================

Suite: api
S..............
Suite: invalid
...............................................
Suite: invalid-unicode
..................
Suite: valid
...................F..............
=================================================================
valid/real-subnormal-number
=================================================================
VARIANT: normal
EXPECTED OUTPUT:
       [1.8011670033376514e-308]
ACTUAL OUTPUT:
       [0.0]

=================================================================
1 of 4 test suites failed

